2026-06-24 23:59:49,467 [INFO] web_scraper: Scraped 1,820 chars from https://solugen.com
2026-06-24 23:59:52,849 [INFO] web_scraper: Scraped 4,525 chars from https://solugen.com/technology
2026-06-24 23:59:56,206 [INFO] web_scraper: Scraped 2,050 chars from https://twelve.co
2026-06-24 23:59:59,525 [INFO] web_scraper: Scraped 1,696 chars from https://twelve.co/technology
2026-06-25 02:34:41,923 [INFO] web_scraper: Scraped 1,820 chars from https://solugen.com
2026-06-25 02:34:45,135 [INFO] web_scraper: Scraped 4,525 chars from https://solugen.com/technology
2026-06-25 02:34:48,520 [INFO] web_scraper: Scraped 2,050 chars from https://twelve.co
2026-06-25 02:34:51,869 [INFO] web_scraper: Scraped 1,696 chars from https://twelve.co/technology
2026-06-25 02:38:57,731 [INFO] web_scraper: Scraped 1,820 chars from https://solugen.com
2026-06-25 02:38:57,733 [INFO] web_scraper: Saved: data/normalized/solugen/product_page_2026.md
2026-06-25 02:39:00,892 [INFO] web_scraper: Scraped 4,525 chars from https://solugen.com/technology
2026-06-25 02:39:00,894 [INFO] web_scraper: Saved: data/normalized/solugen/product_page_2026.md
2026-06-25 02:39:04,211 [INFO] web_scraper: Scraped 2,050 chars from https://twelve.co
2026-06-25 02:39:04,214 [INFO] web_scraper: Saved: data/normalized/twelve/product_page_2026.md
2026-06-25 02:39:07,538 [INFO] web_scraper: Scraped 1,696 chars from https://twelve.co/technology
2026-06-25 02:39:07,539 [INFO] web_scraper: Saved: data/normalized/twelve/product_page_2026.md
2026-06-25 02:42:43,424 [INFO] web_scraper: Scraped 1,820 chars from https://solugen.com
2026-06-25 02:42:43,424 [INFO] web_scraper: Saved: data/normalized/solugen/product_page_2026.md
2026-06-25 02:42:46,584 [INFO] web_scraper: Scraped 4,525 chars from https://solugen.com/technology
2026-06-25 02:42:46,585 [INFO] web_scraper: Saved: data/normalized/solugen/product_page_2026.md
2026-06-25 02:42:49,929 [INFO] web_scraper: Scraped 2,050 chars from https://twelve.co
2026-06-25 02:42:49,930 [INFO] web_scraper: Saved: data/normalized/twelve/product_page_2026.md
2026-06-25 02:42:53,275 [INFO] web_scraper: Scraped 1,696 chars from https://twelve.co/technology
2026-06-25 02:42:53,276 [INFO] web_scraper: Saved: data/normalized/twelve/product_page_2026.md
2026-06-25 02:49:18,893 [INFO] web_scraper: Scraped 1,820 chars from https://solugen.com
2026-06-25 02:49:18,895 [INFO] web_scraper: Saved: data/normalized/solugen/product_page_2026.md
2026-06-25 02:49:22,085 [INFO] web_scraper: Scraped 4,525 chars from https://solugen.com/technology
2026-06-25 02:49:22,087 [INFO] web_scraper: Saved: data/normalized/solugen/product_page_2026.md
2026-06-25 02:49:25,514 [INFO] web_scraper: Scraped 2,050 chars from https://twelve.co
2026-06-25 02:49:25,516 [INFO] web_scraper: Saved: data/normalized/twelve/product_page_2026.md
2026-06-25 02:49:28,865 [INFO] web_scraper: Scraped 1,696 chars from https://twelve.co/technology
2026-06-25 02:49:28,866 [INFO] web_scraper: Saved: data/normalized/twelve/product_page_2026.md
2026-06-25 17:51:12,737 [INFO] web_scraper: Scraped 1,820 chars from https://solugen.com
2026-06-25 17:51:12,739 [INFO] web_scraper: Saved: data/normalized/solugen/product_page_2026.md
2026-06-25 17:51:16,635 [INFO] web_scraper: Scraped 4,525 chars from https://solugen.com/technology
2026-06-25 17:51:16,638 [INFO] web_scraper: Saved: data/normalized/solugen/product_page_2026.md
2026-06-25 17:51:20,172 [INFO] web_scraper: Scraped 2,050 chars from https://twelve.co
2026-06-25 17:51:20,174 [INFO] web_scraper: Saved: data/normalized/twelve/product_page_2026.md
2026-06-25 17:51:23,494 [INFO] web_scraper: Scraped 1,696 chars from https://twelve.co/technology
2026-06-25 17:51:23,496 [INFO] web_scraper: Saved: data/normalized/twelve/product_page_2026.md
